Archive member included because of file (symbol)

c:/winavr-20100110/bin/../lib/gcc/avr/4.3.3/avr5\libgcc.a(_divmodhi4.o)
                              servos.o (__divmodhi4)
c:/winavr-20100110/bin/../lib/gcc/avr/4.3.3/avr5\libgcc.a(_exit.o)
                              c:/winavr-20100110/bin/../lib/gcc/avr/4.3.3/../../../../avr/lib/avr5/crtm169.o (exit)
c:/winavr-20100110/bin/../lib/gcc/avr/4.3.3/avr5\libgcc.a(_copy_data.o)
                              QTISensor.o (__do_copy_data)
c:/winavr-20100110/bin/../lib/gcc/avr/4.3.3/avr5\libgcc.a(_clear_bss.o)
                              timer.o (__do_clear_bss)
c:/winavr-20100110/bin/../lib/gcc/avr/4.3.3/avr5\libgcc.a(_udivmodhi4.o)
                              c:/winavr-20100110/bin/../lib/gcc/avr/4.3.3/avr5\libgcc.a(_divmodhi4.o) (__udivmodhi4)

Memory Configuration

Name             Origin             Length             Attributes
text             0x00000000         0x00020000         xr
data             0x00800060         0x0000ffa0         rw !x
eeprom           0x00810000         0x00010000         rw !x
fuse             0x00820000         0x00000400         rw !x
lock             0x00830000         0x00000400         rw !x
signature        0x00840000         0x00000400         rw !x
*default*        0x00000000         0xffffffff

Linker script and memory map

Address of section .data set to 0x800100
LOAD c:/winavr-20100110/bin/../lib/gcc/avr/4.3.3/../../../../avr/lib/avr5/crtm169.o
LOAD QTISensor.o
LOAD timer.o
LOAD IRSensor.o
LOAD servos.o
LOAD sumobot.o
LOAD LED.o
LOAD pilot.o
LOAD c:/winavr-20100110/bin/../lib/gcc/avr/4.3.3/avr5\libgcc.a
LOAD c:/winavr-20100110/bin/../lib/gcc/avr/4.3.3/../../../../avr/lib/avr5\libc.a
LOAD c:/winavr-20100110/bin/../lib/gcc/avr/4.3.3/avr5\libgcc.a

.hash
 *(.hash)

.dynsym
 *(.dynsym)

.dynstr
 *(.dynstr)

.gnu.version
 *(.gnu.version)

.gnu.version_d
 *(.gnu.version_d)

.gnu.version_r
 *(.gnu.version_r)

.rel.init
 *(.rel.init)

.rela.init
 *(.rela.init)

.rel.text
 *(.rel.text)
 *(.rel.text.*)
 *(.rel.gnu.linkonce.t*)

.rela.text
 *(.rela.text)
 *(.rela.text.*)
 *(.rela.gnu.linkonce.t*)

.rel.fini
 *(.rel.fini)

.rela.fini
 *(.rela.fini)

.rel.rodata
 *(.rel.rodata)
 *(.rel.rodata.*)
 *(.rel.gnu.linkonce.r*)

.rela.rodata
 *(.rela.rodata)
 *(.rela.rodata.*)
 *(.rela.gnu.linkonce.r*)

.rel.data
 *(.rel.data)
 *(.rel.data.*)
 *(.rel.gnu.linkonce.d*)

.rela.data
 *(.rela.data)
 *(.rela.data.*)
 *(.rela.gnu.linkonce.d*)

.rel.ctors
 *(.rel.ctors)

.rela.ctors
 *(.rela.ctors)

.rel.dtors
 *(.rel.dtors)

.rela.dtors
 *(.rela.dtors)

.rel.got
 *(.rel.got)

.rela.got
 *(.rela.got)

.rel.bss
 *(.rel.bss)

.rela.bss
 *(.rela.bss)

.rel.plt
 *(.rel.plt)

.rela.plt
 *(.rela.plt)

.text           0x00000000      0x79c
 *(.vectors)
 .vectors       0x00000000       0x5c c:/winavr-20100110/bin/../lib/gcc/avr/4.3.3/../../../../avr/lib/avr5/crtm169.o
                0x00000000                __vectors
                0x00000000                __vector_default
 *(.vectors)
 *(.progmem.gcc*)
 *(.progmem*)
                0x0000005c                . = ALIGN (0x2)
                0x0000005c                __trampolines_start = .
 *(.trampolines)
 .trampolines   0x0000005c        0x0 linker stubs
 *(.trampolines*)
                0x0000005c                __trampolines_end = .
 *(.jumptables)
 *(.jumptables*)
 *(.lowtext)
 *(.lowtext*)
                0x0000005c                __ctors_start = .
 *(.ctors)
                0x0000005c                __ctors_end = .
                0x0000005c                __dtors_start = .
 *(.dtors)
                0x0000005c                __dtors_end = .
 SORT(*)(.ctors)
 SORT(*)(.dtors)
 *(.init0)
 .init0         0x0000005c        0x0 c:/winavr-20100110/bin/../lib/gcc/avr/4.3.3/../../../../avr/lib/avr5/crtm169.o
                0x0000005c                __init
 *(.init0)
 *(.init1)
 *(.init1)
 *(.init2)
 .init2         0x0000005c        0xc c:/winavr-20100110/bin/../lib/gcc/avr/4.3.3/../../../../avr/lib/avr5/crtm169.o
 *(.init2)
 *(.init3)
 *(.init3)
 *(.init4)
 .init4         0x00000068       0x16 c:/winavr-20100110/bin/../lib/gcc/avr/4.3.3/avr5\libgcc.a(_copy_data.o)
                0x00000068                __do_copy_data
 .init4         0x0000007e       0x10 c:/winavr-20100110/bin/../lib/gcc/avr/4.3.3/avr5\libgcc.a(_clear_bss.o)
                0x0000007e                __do_clear_bss
 *(.init4)
 *(.init5)
 *(.init5)
 *(.init6)
 *(.init6)
 *(.init7)
 *(.init7)
 *(.init8)
 *(.init8)
 *(.init9)
 .init9         0x0000008e        0x8 c:/winavr-20100110/bin/../lib/gcc/avr/4.3.3/../../../../avr/lib/avr5/crtm169.o
 *(.init9)
 *(.text)
 .text          0x00000096        0x4 c:/winavr-20100110/bin/../lib/gcc/avr/4.3.3/../../../../avr/lib/avr5/crtm169.o
                0x00000096                __vector_22
                0x00000096                __vector_1
                0x00000096                __vector_12
                0x00000096                __bad_interrupt
                0x00000096                __vector_6
                0x00000096                __vector_3
                0x00000096                __vector_11
                0x00000096                __vector_13
                0x00000096                __vector_17
                0x00000096                __vector_19
                0x00000096                __vector_7
                0x00000096                __vector_5
                0x00000096                __vector_9
                0x00000096                __vector_2
                0x00000096                __vector_21
                0x00000096                __vector_15
                0x00000096                __vector_8
                0x00000096                __vector_14
                0x00000096                __vector_10
                0x00000096                __vector_16
                0x00000096                __vector_18
                0x00000096                __vector_20
 .text          0x0000009a      0x138 QTISensor.o
                0x000000a4                right_raw
                0x0000015e                lineLeft
                0x00000114                left_raw
                0x000000ee                lineRight
                0x00000184                calibrateQTI
                0x0000009a                initQTI
 .text          0x000001d2      0x1a8 timer.o
                0x0000020a                startTimer
                0x00000348                timeSince
                0x000001d2                initTime
                0x0000030c                timeDelta
                0x0000023a                __vector_4
                0x00000268                delay
                0x0000022a                stopTimer
 .text          0x0000037a       0xde IRSensor.o
                0x0000038e                stopIR
                0x00000400                objectRight
                0x000003a0                initIRdetectors
                0x0000037a                initIRemittors
                0x00000396                startIR
                0x000003a8                objectLeft
 .text          0x00000458      0x10a servos.o
                0x00000458                dutyCycle
                0x000004f8                initMotors
                0x000004d2                setMotorSpeed
                0x00000490                setServoSpeed
 .text          0x00000562      0x112 sumobot.o
                0x00000562                init
                0x00000642                main
                0x00000578                seek
 .text          0x00000674       0x2e LED.o
                0x0000068c                clearGreen
                0x00000674                initLED
                0x00000690                toggleRed
                0x0000067e                toggleGreen
                0x0000069e                clearRed
                0x0000069a                setRed
                0x00000688                setGreen
 .text          0x000006a2       0xa8 pilot.o
                0x000006a2                spinRight
                0x000006be                spinLeft
                0x000006b2                turnRight
                0x000006d6                moveBackward
                0x0000072e                moveForward
                0x000006f4                turnBackRight
                0x000006e6                stop
                0x000006cc                turnLeft
                0x00000710                turnBackLeft
 .text          0x0000074a        0x0 c:/winavr-20100110/bin/../lib/gcc/avr/4.3.3/avr5\libgcc.a(_divmodhi4.o)
 .text          0x0000074a        0x0 c:/winavr-20100110/bin/../lib/gcc/avr/4.3.3/avr5\libgcc.a(_exit.o)
 .text          0x0000074a        0x0 c:/winavr-20100110/bin/../lib/gcc/avr/4.3.3/avr5\libgcc.a(_copy_data.o)
 .text          0x0000074a        0x0 c:/winavr-20100110/bin/../lib/gcc/avr/4.3.3/avr5\libgcc.a(_clear_bss.o)
 .text          0x0000074a        0x0 c:/winavr-20100110/bin/../lib/gcc/avr/4.3.3/avr5\libgcc.a(_udivmodhi4.o)
                0x0000074a                . = ALIGN (0x2)
 *(.text.*)
 .text.libgcc   0x0000074a       0x26 c:/winavr-20100110/bin/../lib/gcc/avr/4.3.3/avr5\libgcc.a(_divmodhi4.o)
                0x0000074a                __divmodhi4
                0x0000074a                _div
 .text.libgcc   0x00000770        0x0 c:/winavr-20100110/bin/../lib/gcc/avr/4.3.3/avr5\libgcc.a(_exit.o)
 .text.libgcc   0x00000770        0x0 c:/winavr-20100110/bin/../lib/gcc/avr/4.3.3/avr5\libgcc.a(_copy_data.o)
 .text.libgcc   0x00000770        0x0 c:/winavr-20100110/bin/../lib/gcc/avr/4.3.3/avr5\libgcc.a(_clear_bss.o)
 .text.libgcc   0x00000770       0x28 c:/winavr-20100110/bin/../lib/gcc/avr/4.3.3/avr5\libgcc.a(_udivmodhi4.o)
                0x00000770                __udivmodhi4
                0x00000798                . = ALIGN (0x2)
 *(.fini9)
 .fini9         0x00000798        0x0 c:/winavr-20100110/bin/../lib/gcc/avr/4.3.3/avr5\libgcc.a(_exit.o)
                0x00000798                exit
                0x00000798                _exit
 *(.fini9)
 *(.fini8)
 *(.fini8)
 *(.fini7)
 *(.fini7)
 *(.fini6)
 *(.fini6)
 *(.fini5)
 *(.fini5)
 *(.fini4)
 *(.fini4)
 *(.fini3)
 *(.fini3)
 *(.fini2)
 *(.fini2)
 *(.fini1)
 *(.fini1)
 *(.fini0)
 .fini0         0x00000798        0x4 c:/winavr-20100110/bin/../lib/gcc/avr/4.3.3/avr5\libgcc.a(_exit.o)
 *(.fini0)
                0x0000079c                _etext = .

.data           0x00800100        0x4 load address 0x0000079c
                0x00800100                PROVIDE (__data_start, .)
 *(.data)
 .data          0x00800100        0x0 c:/winavr-20100110/bin/../lib/gcc/avr/4.3.3/../../../../avr/lib/avr5/crtm169.o
 .data          0x00800100        0x4 QTISensor.o
 .data          0x00800104        0x0 timer.o
 .data          0x00800104        0x0 IRSensor.o
 .data          0x00800104        0x0 servos.o
 .data          0x00800104        0x0 sumobot.o
 .data          0x00800104        0x0 LED.o
 .data          0x00800104        0x0 pilot.o
 .data          0x00800104        0x0 c:/winavr-20100110/bin/../lib/gcc/avr/4.3.3/avr5\libgcc.a(_divmodhi4.o)
 .data          0x00800104        0x0 c:/winavr-20100110/bin/../lib/gcc/avr/4.3.3/avr5\libgcc.a(_exit.o)
 .data          0x00800104        0x0 c:/winavr-20100110/bin/../lib/gcc/avr/4.3.3/avr5\libgcc.a(_copy_data.o)
 .data          0x00800104        0x0 c:/winavr-20100110/bin/../lib/gcc/avr/4.3.3/avr5\libgcc.a(_clear_bss.o)
 .data          0x00800104        0x0 c:/winavr-20100110/bin/../lib/gcc/avr/4.3.3/avr5\libgcc.a(_udivmodhi4.o)
 *(.data*)
 *(.rodata)
 *(.rodata*)
 *(.gnu.linkonce.d*)
                0x00800104                . = ALIGN (0x2)
                0x00800104                _edata = .
                0x00800104                PROVIDE (__data_end, .)

.bss            0x00800104        0x4
                0x00800104                PROVIDE (__bss_start, .)
 *(.bss)
 .bss           0x00800104        0x0 c:/winavr-20100110/bin/../lib/gcc/avr/4.3.3/../../../../avr/lib/avr5/crtm169.o
 .bss           0x00800104        0x0 QTISensor.o
 .bss           0x00800104        0x4 timer.o
                0x00800104                ms
 .bss           0x00800108        0x0 IRSensor.o
 .bss           0x00800108        0x0 servos.o
 .bss           0x00800108        0x0 sumobot.o
 .bss           0x00800108        0x0 LED.o
 .bss           0x00800108        0x0 pilot.o
 .bss           0x00800108        0x0 c:/winavr-20100110/bin/../lib/gcc/avr/4.3.3/avr5\libgcc.a(_divmodhi4.o)
 .bss           0x00800108        0x0 c:/winavr-20100110/bin/../lib/gcc/avr/4.3.3/avr5\libgcc.a(_exit.o)
 .bss           0x00800108        0x0 c:/winavr-20100110/bin/../lib/gcc/avr/4.3.3/avr5\libgcc.a(_copy_data.o)
 .bss           0x00800108        0x0 c:/winavr-20100110/bin/../lib/gcc/avr/4.3.3/avr5\libgcc.a(_clear_bss.o)
 .bss           0x00800108        0x0 c:/winavr-20100110/bin/../lib/gcc/avr/4.3.3/avr5\libgcc.a(_udivmodhi4.o)
 *(.bss*)
 *(COMMON)
                0x00800108                PROVIDE (__bss_end, .)
                0x0000079c                __data_load_start = LOADADDR (.data)
                0x000007a0                __data_load_end = (__data_load_start + SIZEOF (.data))

.noinit         0x00800108        0x0
                0x00800108                PROVIDE (__noinit_start, .)
 *(.noinit*)
                0x00800108                PROVIDE (__noinit_end, .)
                0x00800108                _end = .
                0x00800108                PROVIDE (__heap_start, .)

.eeprom         0x00810000        0x0
 *(.eeprom*)
                0x00810000                __eeprom_end = .

.fuse
 *(.fuse)
 *(.lfuse)
 *(.hfuse)
 *(.efuse)

.lock
 *(.lock*)

.signature
 *(.signature*)

.stab
 *(.stab)

.stabstr
 *(.stabstr)

.stab.excl
 *(.stab.excl)

.stab.exclstr
 *(.stab.exclstr)

.stab.index
 *(.stab.index)

.stab.indexstr
 *(.stab.indexstr)

.comment
 *(.comment)

.debug
 *(.debug)

.line
 *(.line)

.debug_srcinfo
 *(.debug_srcinfo)

.debug_sfnames
 *(.debug_sfnames)

.debug_aranges  0x00000000       0xe0
 *(.debug_aranges)
 .debug_aranges
                0x00000000       0x20 QTISensor.o
 .debug_aranges
                0x00000020       0x20 timer.o
 .debug_aranges
                0x00000040       0x20 IRSensor.o
 .debug_aranges
                0x00000060       0x20 servos.o
 .debug_aranges
                0x00000080       0x20 sumobot.o
 .debug_aranges
                0x000000a0       0x20 LED.o
 .debug_aranges
                0x000000c0       0x20 pilot.o

.debug_pubnames
                0x00000000      0x2d1
 *(.debug_pubnames)
 .debug_pubnames
                0x00000000       0x65 QTISensor.o
 .debug_pubnames
                0x00000065       0x78 timer.o
 .debug_pubnames
                0x000000dd       0x6f IRSensor.o
 .debug_pubnames
                0x0000014c       0x53 servos.o
 .debug_pubnames
                0x0000019f       0x2d sumobot.o
 .debug_pubnames
                0x000001cc       0x70 LED.o
 .debug_pubnames
                0x0000023c       0x95 pilot.o

.debug_info     0x00000000      0xa1b
 *(.debug_info)
 .debug_info    0x00000000      0x19f QTISensor.o
 .debug_info    0x0000019f      0x254 timer.o
 .debug_info    0x000003f3      0x172 IRSensor.o
 .debug_info    0x00000565      0x11c servos.o
 .debug_info    0x00000681      0x10a sumobot.o
 .debug_info    0x0000078b       0xe3 LED.o
 .debug_info    0x0000086e      0x1ad pilot.o
 *(.gnu.linkonce.wi.*)

.debug_abbrev   0x00000000      0x491
 *(.debug_abbrev)
 .debug_abbrev  0x00000000       0xbf QTISensor.o
 .debug_abbrev  0x000000bf      0x169 timer.o
 .debug_abbrev  0x00000228       0xbb IRSensor.o
 .debug_abbrev  0x000002e3       0x72 servos.o
 .debug_abbrev  0x00000355       0x87 sumobot.o
 .debug_abbrev  0x000003dc       0x3d LED.o
 .debug_abbrev  0x00000419       0x78 pilot.o

.debug_line     0x00000000      0xaec
 *(.debug_line)
 .debug_line    0x00000000      0x1b5 QTISensor.o
 .debug_line    0x000001b5      0x256 timer.o
 .debug_line    0x0000040b      0x187 IRSensor.o
 .debug_line    0x00000592      0x141 servos.o
 .debug_line    0x000006d3      0x1b1 sumobot.o
 .debug_line    0x00000884      0x10a LED.o
 .debug_line    0x0000098e      0x15e pilot.o

.debug_frame    0x00000000      0x310
 *(.debug_frame)
 .debug_frame   0x00000000       0x70 QTISensor.o
 .debug_frame   0x00000070       0x80 timer.o
 .debug_frame   0x000000f0       0x70 IRSensor.o
 .debug_frame   0x00000160       0x50 servos.o
 .debug_frame   0x000001b0       0x40 sumobot.o
 .debug_frame   0x000001f0       0x80 LED.o
 .debug_frame   0x00000270       0xa0 pilot.o

.debug_str      0x00000000      0x375
 *(.debug_str)
 .debug_str     0x00000000      0x14b QTISensor.o
                                0x17f (size before relaxing)
 .debug_str     0x0000014b       0x7b timer.o
                                0x145 (size before relaxing)
 .debug_str     0x000001c6       0x58 IRSensor.o
                                0x11c (size before relaxing)
 .debug_str     0x0000021e       0x4e servos.o
                                0x11d (size before relaxing)
 .debug_str     0x0000026c       0x59 sumobot.o
                                0x11d (size before relaxing)
 .debug_str     0x000002c5       0x4b LED.o
                                0x10f (size before relaxing)
 .debug_str     0x00000310       0x65 pilot.o
                                0x134 (size before relaxing)

.debug_loc      0x00000000      0x28c
 *(.debug_loc)
 .debug_loc     0x00000000       0x3c QTISensor.o
 .debug_loc     0x0000003c       0x80 timer.o
 .debug_loc     0x000000bc       0x60 IRSensor.o
 .debug_loc     0x0000011c       0x80 servos.o
 .debug_loc     0x0000019c       0xf0 pilot.o

.debug_macinfo
 *(.debug_macinfo)
OUTPUT(sumobot.elf elf32-avr)
LOAD linker stubs
