Archive member included because of file (symbol)

c:/winavr-20100110/bin/../lib/gcc/avr/4.3.3/avr5\libgcc.a(_mulsi3.o)
                              sumobot.o (__mulsi3)
c:/winavr-20100110/bin/../lib/gcc/avr/4.3.3/avr5\libgcc.a(_divmodsi4.o)
                              servos.o (__divmodsi4)
c:/winavr-20100110/bin/../lib/gcc/avr/4.3.3/avr5\libgcc.a(_exit.o)
                              c:/winavr-20100110/bin/../lib/gcc/avr/4.3.3/../../../../avr/lib/avr5/crtm169.o (exit)
c:/winavr-20100110/bin/../lib/gcc/avr/4.3.3/avr5\libgcc.a(_copy_data.o)
                              sumobot.o (__do_copy_data)
c:/winavr-20100110/bin/../lib/gcc/avr/4.3.3/avr5\libgcc.a(_clear_bss.o)
                              time.o (__do_clear_bss)
c:/winavr-20100110/bin/../lib/gcc/avr/4.3.3/avr5\libgcc.a(_udivmodsi4.o)
                              c:/winavr-20100110/bin/../lib/gcc/avr/4.3.3/avr5\libgcc.a(_divmodsi4.o) (__udivmodsi4)

Memory Configuration

Name             Origin             Length             Attributes
text             0x00000000         0x00020000         xr
data             0x00800060         0x0000ffa0         rw !x
eeprom           0x00810000         0x00010000         rw !x
fuse             0x00820000         0x00000400         rw !x
lock             0x00830000         0x00000400         rw !x
signature        0x00840000         0x00000400         rw !x
*default*        0x00000000         0xffffffff

Linker script and memory map

Address of section .data set to 0x800100
LOAD c:/winavr-20100110/bin/../lib/gcc/avr/4.3.3/../../../../avr/lib/avr5/crtm169.o
LOAD sumobot.o
LOAD servos.o
LOAD drive.o
LOAD qti.o
LOAD time.o
LOAD ir.o
LOAD c:/winavr-20100110/bin/../lib/gcc/avr/4.3.3/avr5\libgcc.a
LOAD c:/winavr-20100110/bin/../lib/gcc/avr/4.3.3/../../../../avr/lib/avr5\libc.a
LOAD c:/winavr-20100110/bin/../lib/gcc/avr/4.3.3/avr5\libgcc.a

.hash
 *(.hash)

.dynsym
 *(.dynsym)

.dynstr
 *(.dynstr)

.gnu.version
 *(.gnu.version)

.gnu.version_d
 *(.gnu.version_d)

.gnu.version_r
 *(.gnu.version_r)

.rel.init
 *(.rel.init)

.rela.init
 *(.rela.init)

.rel.text
 *(.rel.text)
 *(.rel.text.*)
 *(.rel.gnu.linkonce.t*)

.rela.text
 *(.rela.text)
 *(.rela.text.*)
 *(.rela.gnu.linkonce.t*)

.rel.fini
 *(.rel.fini)

.rela.fini
 *(.rela.fini)

.rel.rodata
 *(.rel.rodata)
 *(.rel.rodata.*)
 *(.rel.gnu.linkonce.r*)

.rela.rodata
 *(.rela.rodata)
 *(.rela.rodata.*)
 *(.rela.gnu.linkonce.r*)

.rel.data
 *(.rel.data)
 *(.rel.data.*)
 *(.rel.gnu.linkonce.d*)

.rela.data
 *(.rela.data)
 *(.rela.data.*)
 *(.rela.gnu.linkonce.d*)

.rel.ctors
 *(.rel.ctors)

.rela.ctors
 *(.rela.ctors)

.rel.dtors
 *(.rel.dtors)

.rela.dtors
 *(.rela.dtors)

.rel.got
 *(.rel.got)

.rela.got
 *(.rela.got)

.rel.bss
 *(.rel.bss)

.rela.bss
 *(.rela.bss)

.rel.plt
 *(.rel.plt)

.rela.plt
 *(.rela.plt)

.text           0x00000000      0xd1e
 *(.vectors)
 .vectors       0x00000000       0x5c c:/winavr-20100110/bin/../lib/gcc/avr/4.3.3/../../../../avr/lib/avr5/crtm169.o
                0x00000000                __vectors
                0x00000000                __vector_default
 *(.vectors)
 *(.progmem.gcc*)
 *(.progmem*)
                0x0000005c                . = ALIGN (0x2)
                0x0000005c                __trampolines_start = .
 *(.trampolines)
 .trampolines   0x0000005c        0x0 linker stubs
 *(.trampolines*)
                0x0000005c                __trampolines_end = .
 *(.jumptables)
 *(.jumptables*)
 *(.lowtext)
 *(.lowtext*)
                0x0000005c                __ctors_start = .
 *(.ctors)
                0x0000005c                __ctors_end = .
                0x0000005c                __dtors_start = .
 *(.dtors)
                0x0000005c                __dtors_end = .
 SORT(*)(.ctors)
 SORT(*)(.dtors)
 *(.init0)
 .init0         0x0000005c        0x0 c:/winavr-20100110/bin/../lib/gcc/avr/4.3.3/../../../../avr/lib/avr5/crtm169.o
                0x0000005c                __init
 *(.init0)
 *(.init1)
 *(.init1)
 *(.init2)
 .init2         0x0000005c        0xc c:/winavr-20100110/bin/../lib/gcc/avr/4.3.3/../../../../avr/lib/avr5/crtm169.o
 *(.init2)
 *(.init3)
 *(.init3)
 *(.init4)
 .init4         0x00000068       0x16 c:/winavr-20100110/bin/../lib/gcc/avr/4.3.3/avr5\libgcc.a(_copy_data.o)
                0x00000068                __do_copy_data
 .init4         0x0000007e       0x10 c:/winavr-20100110/bin/../lib/gcc/avr/4.3.3/avr5\libgcc.a(_clear_bss.o)
                0x0000007e                __do_clear_bss
 *(.init4)
 *(.init5)
 *(.init5)
 *(.init6)
 *(.init6)
 *(.init7)
 *(.init7)
 *(.init8)
 *(.init8)
 *(.init9)
 .init9         0x0000008e        0x8 c:/winavr-20100110/bin/../lib/gcc/avr/4.3.3/../../../../avr/lib/avr5/crtm169.o
 *(.init9)
 *(.text)
 .text          0x00000096        0x4 c:/winavr-20100110/bin/../lib/gcc/avr/4.3.3/../../../../avr/lib/avr5/crtm169.o
                0x00000096                __vector_22
                0x00000096                __vector_1
                0x00000096                __vector_12
                0x00000096                __bad_interrupt
                0x00000096                __vector_6
                0x00000096                __vector_3
                0x00000096                __vector_11
                0x00000096                __vector_13
                0x00000096                __vector_17
                0x00000096                __vector_19
                0x00000096                __vector_7
                0x00000096                __vector_5
                0x00000096                __vector_9
                0x00000096                __vector_2
                0x00000096                __vector_21
                0x00000096                __vector_15
                0x00000096                __vector_8
                0x00000096                __vector_14
                0x00000096                __vector_10
                0x00000096                __vector_16
                0x00000096                __vector_18
                0x00000096                __vector_20
 .text          0x0000009a      0x566 sumobot.o
                0x00000400                search
                0x000000b0                initialize_LEDs
                0x00000146                attack
                0x000000d0                turn_LED2
                0x000000e2                border
                0x000000be                turn_LED1
                0x00000582                main
                0x0000009a                initialize_CPU
 .text          0x00000600       0xe2 servos.o
                0x00000680                initialize_servos
                0x00000600                set_speed
 .text          0x000006e2       0xe6 drive.o
                0x000006fe                turn_right
                0x00000738                spin_right
                0x000006e2                turn_left
                0x00000750                drive_backward
                0x0000071e                spin_left
                0x0000076a                drive_forward
                0x0000078c                turnBackRight
                0x00000784                stop
                0x000007ac                turnBackLeft
 .text          0x000007c8      0x140 qti.o
                0x000007d2                right_raw
                0x000008ba                calibrate_QTI
                0x000007c8                initialize_QTI
                0x00000846                left_raw
                0x00000820                right_outside
                0x00000894                left_outside
 .text          0x00000908      0x294 time.o
                0x00000948                initialize_time_2
                0x00000ad6                time_delta
                0x00000b4a                time_since
                0x0000099c                stop_timer
                0x000009ac                __vector_4
                0x00000908                initialize_time
                0x000009f6                delay
                0x00000974                start_timer
 .text          0x00000b9c       0xc6 ir.o
                0x00000b9c                initialize_IR_LEDs
                0x00000bc2                initialize_IR_detectors
                0x00000bca                obstacle_left
                0x00000c16                obstacle_right
                0x00000bb8                start_IR_LEDs
                0x00000bb0                stop_IR_LEDs
 .text          0x00000c62        0x0 c:/winavr-20100110/bin/../lib/gcc/avr/4.3.3/avr5\libgcc.a(_mulsi3.o)
 .text          0x00000c62        0x0 c:/winavr-20100110/bin/../lib/gcc/avr/4.3.3/avr5\libgcc.a(_divmodsi4.o)
 .text          0x00000c62        0x0 c:/winavr-20100110/bin/../lib/gcc/avr/4.3.3/avr5\libgcc.a(_exit.o)
 .text          0x00000c62        0x0 c:/winavr-20100110/bin/../lib/gcc/avr/4.3.3/avr5\libgcc.a(_copy_data.o)
 .text          0x00000c62        0x0 c:/winavr-20100110/bin/../lib/gcc/avr/4.3.3/avr5\libgcc.a(_clear_bss.o)
 .text          0x00000c62        0x0 c:/winavr-20100110/bin/../lib/gcc/avr/4.3.3/avr5\libgcc.a(_udivmodsi4.o)
                0x00000c62                . = ALIGN (0x2)
 *(.text.*)
 .text.libgcc   0x00000c62       0x3e c:/winavr-20100110/bin/../lib/gcc/avr/4.3.3/avr5\libgcc.a(_mulsi3.o)
                0x00000c62                __mulsi3
 .text.libgcc   0x00000ca0       0x36 c:/winavr-20100110/bin/../lib/gcc/avr/4.3.3/avr5\libgcc.a(_divmodsi4.o)
                0x00000ca0                __divmodsi4
 .text.libgcc   0x00000cd6        0x0 c:/winavr-20100110/bin/../lib/gcc/avr/4.3.3/avr5\libgcc.a(_exit.o)
 .text.libgcc   0x00000cd6        0x0 c:/winavr-20100110/bin/../lib/gcc/avr/4.3.3/avr5\libgcc.a(_copy_data.o)
 .text.libgcc   0x00000cd6        0x0 c:/winavr-20100110/bin/../lib/gcc/avr/4.3.3/avr5\libgcc.a(_clear_bss.o)
 .text.libgcc   0x00000cd6       0x44 c:/winavr-20100110/bin/../lib/gcc/avr/4.3.3/avr5\libgcc.a(_udivmodsi4.o)
                0x00000cd6                __udivmodsi4
                0x00000d1a                . = ALIGN (0x2)
 *(.fini9)
 .fini9         0x00000d1a        0x0 c:/winavr-20100110/bin/../lib/gcc/avr/4.3.3/avr5\libgcc.a(_exit.o)
                0x00000d1a                exit
                0x00000d1a                _exit
 *(.fini9)
 *(.fini8)
 *(.fini8)
 *(.fini7)
 *(.fini7)
 *(.fini6)
 *(.fini6)
 *(.fini5)
 *(.fini5)
 *(.fini4)
 *(.fini4)
 *(.fini3)
 *(.fini3)
 *(.fini2)
 *(.fini2)
 *(.fini1)
 *(.fini1)
 *(.fini0)
 .fini0         0x00000d1a        0x4 c:/winavr-20100110/bin/../lib/gcc/avr/4.3.3/avr5\libgcc.a(_exit.o)
 *(.fini0)
                0x00000d1e                _etext = .

.data           0x00800100        0xc load address 0x00000d1e
                0x00800100                PROVIDE (__data_start, .)
 *(.data)
 .data          0x00800100        0x0 c:/winavr-20100110/bin/../lib/gcc/avr/4.3.3/../../../../avr/lib/avr5/crtm169.o
 .data          0x00800100        0x7 sumobot.o
 .data          0x00800107        0x1 servos.o
                0x00800107                _num_servos
 .data          0x00800108        0x0 drive.o
 .data          0x00800108        0x4 qti.o
 .data          0x0080010c        0x0 time.o
 .data          0x0080010c        0x0 ir.o
 .data          0x0080010c        0x0 c:/winavr-20100110/bin/../lib/gcc/avr/4.3.3/avr5\libgcc.a(_mulsi3.o)
 .data          0x0080010c        0x0 c:/winavr-20100110/bin/../lib/gcc/avr/4.3.3/avr5\libgcc.a(_divmodsi4.o)
 .data          0x0080010c        0x0 c:/winavr-20100110/bin/../lib/gcc/avr/4.3.3/avr5\libgcc.a(_exit.o)
 .data          0x0080010c        0x0 c:/winavr-20100110/bin/../lib/gcc/avr/4.3.3/avr5\libgcc.a(_copy_data.o)
 .data          0x0080010c        0x0 c:/winavr-20100110/bin/../lib/gcc/avr/4.3.3/avr5\libgcc.a(_clear_bss.o)
 .data          0x0080010c        0x0 c:/winavr-20100110/bin/../lib/gcc/avr/4.3.3/avr5\libgcc.a(_udivmodsi4.o)
 *(.data*)
 *(.rodata)
 *(.rodata*)
 *(.gnu.linkonce.d*)
                0x0080010c                . = ALIGN (0x2)
                0x0080010c                _edata = .
                0x0080010c                PROVIDE (__data_end, .)

.bss            0x0080010c        0x8
                0x0080010c                PROVIDE (__bss_start, .)
 *(.bss)
 .bss           0x0080010c        0x0 c:/winavr-20100110/bin/../lib/gcc/avr/4.3.3/../../../../avr/lib/avr5/crtm169.o
 .bss           0x0080010c        0x0 sumobot.o
 .bss           0x0080010c        0x0 servos.o
 .bss           0x0080010c        0x0 drive.o
 .bss           0x0080010c        0x0 qti.o
 .bss           0x0080010c        0x8 time.o
                0x0080010c                msecs
 .bss           0x00800114        0x0 ir.o
 .bss           0x00800114        0x0 c:/winavr-20100110/bin/../lib/gcc/avr/4.3.3/avr5\libgcc.a(_mulsi3.o)
 .bss           0x00800114        0x0 c:/winavr-20100110/bin/../lib/gcc/avr/4.3.3/avr5\libgcc.a(_divmodsi4.o)
 .bss           0x00800114        0x0 c:/winavr-20100110/bin/../lib/gcc/avr/4.3.3/avr5\libgcc.a(_exit.o)
 .bss           0x00800114        0x0 c:/winavr-20100110/bin/../lib/gcc/avr/4.3.3/avr5\libgcc.a(_copy_data.o)
 .bss           0x00800114        0x0 c:/winavr-20100110/bin/../lib/gcc/avr/4.3.3/avr5\libgcc.a(_clear_bss.o)
 .bss           0x00800114        0x0 c:/winavr-20100110/bin/../lib/gcc/avr/4.3.3/avr5\libgcc.a(_udivmodsi4.o)
 *(.bss*)
 *(COMMON)
                0x00800114                PROVIDE (__bss_end, .)
                0x00000d1e                __data_load_start = LOADADDR (.data)
                0x00000d2a                __data_load_end = (__data_load_start + SIZEOF (.data))

.noinit         0x00800114        0x0
                0x00800114                PROVIDE (__noinit_start, .)
 *(.noinit*)
                0x00800114                PROVIDE (__noinit_end, .)
                0x00800114                _end = .
                0x00800114                PROVIDE (__heap_start, .)

.eeprom         0x00810000        0x0
 *(.eeprom*)
                0x00810000                __eeprom_end = .

.fuse
 *(.fuse)
 *(.lfuse)
 *(.hfuse)
 *(.efuse)

.lock
 *(.lock*)

.signature
 *(.signature*)

.stab
 *(.stab)

.stabstr
 *(.stabstr)

.stab.excl
 *(.stab.excl)

.stab.exclstr
 *(.stab.exclstr)

.stab.index
 *(.stab.index)

.stab.indexstr
 *(.stab.indexstr)

.comment
 *(.comment)

.debug
 *(.debug)

.line
 *(.line)

.debug_srcinfo
 *(.debug_srcinfo)

.debug_sfnames
 *(.debug_sfnames)

.debug_aranges  0x00000000       0xc0
 *(.debug_aranges)
 .debug_aranges
                0x00000000       0x20 sumobot.o
 .debug_aranges
                0x00000020       0x20 servos.o
 .debug_aranges
                0x00000040       0x20 drive.o
 .debug_aranges
                0x00000060       0x20 qti.o
 .debug_aranges
                0x00000080       0x20 time.o
 .debug_aranges
                0x000000a0       0x20 ir.o

.debug_pubnames
                0x00000000      0x300
 *(.debug_pubnames)
 .debug_pubnames
                0x00000000       0x7f sumobot.o
 .debug_pubnames
                0x0000007f       0x46 servos.o
 .debug_pubnames
                0x000000c5       0x9d drive.o
 .debug_pubnames
                0x00000162       0x75 qti.o
 .debug_pubnames
                0x000001d7       0x9c time.o
 .debug_pubnames
                0x00000273       0x8d ir.o

.debug_info     0x00000000      0xe6f
 *(.debug_info)
 .debug_info    0x00000000      0x3e3 sumobot.o
 .debug_info    0x000003e3      0x121 servos.o
 .debug_info    0x00000504      0x383 drive.o
 .debug_info    0x00000887      0x19f qti.o
 .debug_info    0x00000a26      0x27b time.o
 .debug_info    0x00000ca1      0x1ce ir.o
 *(.gnu.linkonce.wi.*)

.debug_abbrev   0x00000000      0x671
 *(.debug_abbrev)
 .debug_abbrev  0x00000000      0x1c2 sumobot.o
 .debug_abbrev  0x000001c2       0xc3 servos.o
 .debug_abbrev  0x00000285       0xca drive.o
 .debug_abbrev  0x0000034f       0xbf qti.o
 .debug_abbrev  0x0000040e      0x176 time.o
 .debug_abbrev  0x00000584       0xed ir.o

.debug_line     0x00000000      0xd61
 *(.debug_line)
 .debug_line    0x00000000      0x3ff sumobot.o
 .debug_line    0x000003ff      0x15a servos.o
 .debug_line    0x00000559      0x1c7 drive.o
 .debug_line    0x00000720      0x1af qti.o
 .debug_line    0x000008cf      0x2d6 time.o
 .debug_line    0x00000ba5      0x1bc ir.o

.debug_frame    0x00000000      0x2d0
 *(.debug_frame)
 .debug_frame   0x00000000       0x90 sumobot.o
 .debug_frame   0x00000090       0x30 servos.o
 .debug_frame   0x000000c0       0xa0 drive.o
 .debug_frame   0x00000160       0x70 qti.o
 .debug_frame   0x000001d0       0x90 time.o
 .debug_frame   0x00000260       0x70 ir.o

.debug_str      0x00000000      0x42d
 *(.debug_str)
 .debug_str     0x00000000      0x17e sumobot.o
                                0x1ba (size before relaxing)
 .debug_str     0x0000017e       0x4e servos.o
                                0x110 (size before relaxing)
 .debug_str     0x000001cc       0x99 drive.o
                                0x152 (size before relaxing)
 .debug_str     0x00000265       0xb4 qti.o
                                0x169 (size before relaxing)
 .debug_str     0x00000319       0x9c time.o
                                0x16a (size before relaxing)
 .debug_str     0x000003b5       0x78 ir.o
                                0x14a (size before relaxing)

.debug_loc      0x00000000      0x4bd
 *(.debug_loc)
 .debug_loc     0x00000000      0x226 sumobot.o
 .debug_loc     0x00000226       0x47 servos.o
 .debug_loc     0x0000026d       0xfd drive.o
 .debug_loc     0x0000036a       0x3c qti.o
 .debug_loc     0x000003a6       0xc1 time.o
 .debug_loc     0x00000467       0x56 ir.o

.debug_macinfo
 *(.debug_macinfo)
OUTPUT(sumobot.elf elf32-avr)
LOAD linker stubs

.debug_ranges   0x00000000       0x30
 .debug_ranges  0x00000000       0x18 sumobot.o
 .debug_ranges  0x00000018       0x18 servos.o
