Archive member included because of file (symbol)

c:/winavr-20100110/bin/../lib/gcc/avr/4.3.3/avr5\libgcc.a(_divmodhi4.o)
                              servos.o (__divmodhi4)
c:/winavr-20100110/bin/../lib/gcc/avr/4.3.3/avr5\libgcc.a(_exit.o)
                              c:/winavr-20100110/bin/../lib/gcc/avr/4.3.3/../../../../avr/lib/avr5/crtm169.o (exit)
c:/winavr-20100110/bin/../lib/gcc/avr/4.3.3/avr5\libgcc.a(_clear_bss.o)
                              QTISensor.o (__do_clear_bss)
c:/winavr-20100110/bin/../lib/gcc/avr/4.3.3/avr5\libgcc.a(_udivmodhi4.o)
                              c:/winavr-20100110/bin/../lib/gcc/avr/4.3.3/avr5\libgcc.a(_divmodhi4.o) (__udivmodhi4)

Memory Configuration

Name             Origin             Length             Attributes
text             0x00000000         0x00020000         xr
data             0x00800060         0x0000ffa0         rw !x
eeprom           0x00810000         0x00010000         rw !x
fuse             0x00820000         0x00000400         rw !x
lock             0x00830000         0x00000400         rw !x
signature        0x00840000         0x00000400         rw !x
*default*        0x00000000         0xffffffff

Linker script and memory map

Address of section .data set to 0x800100
LOAD c:/winavr-20100110/bin/../lib/gcc/avr/4.3.3/../../../../avr/lib/avr5/crtm169.o
LOAD QTISensor.o
LOAD timer.o
LOAD IRSensor.o
LOAD servos.o
LOAD sumobot.o
LOAD LED.o
LOAD pilot.o
LOAD c:/winavr-20100110/bin/../lib/gcc/avr/4.3.3/avr5\libgcc.a
LOAD c:/winavr-20100110/bin/../lib/gcc/avr/4.3.3/../../../../avr/lib/avr5\libc.a
LOAD c:/winavr-20100110/bin/../lib/gcc/avr/4.3.3/avr5\libgcc.a

.hash
 *(.hash)

.dynsym
 *(.dynsym)

.dynstr
 *(.dynstr)

.gnu.version
 *(.gnu.version)

.gnu.version_d
 *(.gnu.version_d)

.gnu.version_r
 *(.gnu.version_r)

.rel.init
 *(.rel.init)

.rela.init
 *(.rela.init)

.rel.text
 *(.rel.text)
 *(.rel.text.*)
 *(.rel.gnu.linkonce.t*)

.rela.text
 *(.rela.text)
 *(.rela.text.*)
 *(.rela.gnu.linkonce.t*)

.rel.fini
 *(.rel.fini)

.rela.fini
 *(.rela.fini)

.rel.rodata
 *(.rel.rodata)
 *(.rel.rodata.*)
 *(.rel.gnu.linkonce.r*)

.rela.rodata
 *(.rela.rodata)
 *(.rela.rodata.*)
 *(.rela.gnu.linkonce.r*)

.rel.data
 *(.rel.data)
 *(.rel.data.*)
 *(.rel.gnu.linkonce.d*)

.rela.data
 *(.rela.data)
 *(.rela.data.*)
 *(.rela.gnu.linkonce.d*)

.rel.ctors
 *(.rel.ctors)

.rela.ctors
 *(.rela.ctors)

.rel.dtors
 *(.rel.dtors)

.rela.dtors
 *(.rela.dtors)

.rel.got
 *(.rel.got)

.rela.got
 *(.rela.got)

.rel.bss
 *(.rel.bss)

.rela.bss
 *(.rela.bss)

.rel.plt
 *(.rel.plt)

.rela.plt
 *(.rela.plt)

.text           0x00000000      0x704
 *(.vectors)
 .vectors       0x00000000       0x5c c:/winavr-20100110/bin/../lib/gcc/avr/4.3.3/../../../../avr/lib/avr5/crtm169.o
                0x00000000                __vectors
                0x00000000                __vector_default
 *(.vectors)
 *(.progmem.gcc*)
 *(.progmem*)
                0x0000005c                . = ALIGN (0x2)
                0x0000005c                __trampolines_start = .
 *(.trampolines)
 .trampolines   0x0000005c        0x0 linker stubs
 *(.trampolines*)
                0x0000005c                __trampolines_end = .
 *(.jumptables)
 *(.jumptables*)
 *(.lowtext)
 *(.lowtext*)
                0x0000005c                __ctors_start = .
 *(.ctors)
                0x0000005c                __ctors_end = .
                0x0000005c                __dtors_start = .
 *(.dtors)
                0x0000005c                __dtors_end = .
 SORT(*)(.ctors)
 SORT(*)(.dtors)
 *(.init0)
 .init0         0x0000005c        0x0 c:/winavr-20100110/bin/../lib/gcc/avr/4.3.3/../../../../avr/lib/avr5/crtm169.o
                0x0000005c                __init
 *(.init0)
 *(.init1)
 *(.init1)
 *(.init2)
 .init2         0x0000005c        0xc c:/winavr-20100110/bin/../lib/gcc/avr/4.3.3/../../../../avr/lib/avr5/crtm169.o
 *(.init2)
 *(.init3)
 *(.init3)
 *(.init4)
 .init4         0x00000068       0x10 c:/winavr-20100110/bin/../lib/gcc/avr/4.3.3/avr5\libgcc.a(_clear_bss.o)
                0x00000068                __do_clear_bss
 *(.init4)
 *(.init5)
 *(.init5)
 *(.init6)
 *(.init6)
 *(.init7)
 *(.init7)
 *(.init8)
 *(.init8)
 *(.init9)
 .init9         0x00000078        0x8 c:/winavr-20100110/bin/../lib/gcc/avr/4.3.3/../../../../avr/lib/avr5/crtm169.o
 *(.init9)
 *(.text)
 .text          0x00000080        0x4 c:/winavr-20100110/bin/../lib/gcc/avr/4.3.3/../../../../avr/lib/avr5/crtm169.o
                0x00000080                __vector_22
                0x00000080                __vector_1
                0x00000080                __vector_12
                0x00000080                __bad_interrupt
                0x00000080                __vector_6
                0x00000080                __vector_3
                0x00000080                __vector_11
                0x00000080                __vector_13
                0x00000080                __vector_17
                0x00000080                __vector_19
                0x00000080                __vector_7
                0x00000080                __vector_5
                0x00000080                __vector_9
                0x00000080                __vector_2
                0x00000080                __vector_21
                0x00000080                __vector_15
                0x00000080                __vector_8
                0x00000080                __vector_14
                0x00000080                __vector_10
                0x00000080                __vector_16
                0x00000080                __vector_18
                0x00000080                __vector_20
 .text          0x00000084       0xfc QTISensor.o
                0x000000ca                leftIsWhite
                0x000000e8                rightBrightness
                0x0000012e                rightIsWhite
                0x00000084                leftBrightness
                0x0000014c                initQTI
 .text          0x00000180      0x118 timer.o
                0x000001b8                startTimer
                0x00000180                initTimer
                0x000001e8                __vector_4
                0x00000216                delay
                0x000001d8                stopTimer
 .text          0x00000298       0xde IRSensor.o
                0x000002ac                stopIR
                0x0000031e                objectRight
                0x000002be                initDetectors
                0x00000298                initEmittors
                0x000002b4                startIR
                0x000002c6                objectLeft
 .text          0x00000376       0xfa servos.o
                0x00000412                initServos
                0x00000376                setServos
                0x000003ac                setMotorSpeed
 .text          0x00000470      0x16c sumobot.o
                0x00000470                init
                0x000005ae                main
                0x00000486                mainLoop
 .text          0x000005dc       0x2e LED.o
                0x000005f4                clearGreen
                0x000005dc                initLED
                0x000005f8                toggleRed
                0x000005e6                toggleGreen
                0x00000606                clearRed
                0x00000602                setRed
                0x000005f0                setGreen
 .text          0x0000060a       0xa8 pilot.o
                0x0000060a                spinRight
                0x00000626                spinLeft
                0x0000061a                turnRight
                0x0000063e                moveBackward
                0x00000696                moveForward
                0x0000065c                turnBackRight
                0x0000064e                stop
                0x00000634                turnLeft
                0x00000678                turnBackLeft
 .text          0x000006b2        0x0 c:/winavr-20100110/bin/../lib/gcc/avr/4.3.3/avr5\libgcc.a(_divmodhi4.o)
 .text          0x000006b2        0x0 c:/winavr-20100110/bin/../lib/gcc/avr/4.3.3/avr5\libgcc.a(_exit.o)
 .text          0x000006b2        0x0 c:/winavr-20100110/bin/../lib/gcc/avr/4.3.3/avr5\libgcc.a(_clear_bss.o)
 .text          0x000006b2        0x0 c:/winavr-20100110/bin/../lib/gcc/avr/4.3.3/avr5\libgcc.a(_udivmodhi4.o)
                0x000006b2                . = ALIGN (0x2)
 *(.text.*)
 .text.libgcc   0x000006b2       0x26 c:/winavr-20100110/bin/../lib/gcc/avr/4.3.3/avr5\libgcc.a(_divmodhi4.o)
                0x000006b2                __divmodhi4
                0x000006b2                _div
 .text.libgcc   0x000006d8        0x0 c:/winavr-20100110/bin/../lib/gcc/avr/4.3.3/avr5\libgcc.a(_exit.o)
 .text.libgcc   0x000006d8        0x0 c:/winavr-20100110/bin/../lib/gcc/avr/4.3.3/avr5\libgcc.a(_clear_bss.o)
 .text.libgcc   0x000006d8       0x28 c:/winavr-20100110/bin/../lib/gcc/avr/4.3.3/avr5\libgcc.a(_udivmodhi4.o)
                0x000006d8                __udivmodhi4
                0x00000700                . = ALIGN (0x2)
 *(.fini9)
 .fini9         0x00000700        0x0 c:/winavr-20100110/bin/../lib/gcc/avr/4.3.3/avr5\libgcc.a(_exit.o)
                0x00000700                exit
                0x00000700                _exit
 *(.fini9)
 *(.fini8)
 *(.fini8)
 *(.fini7)
 *(.fini7)
 *(.fini6)
 *(.fini6)
 *(.fini5)
 *(.fini5)
 *(.fini4)
 *(.fini4)
 *(.fini3)
 *(.fini3)
 *(.fini2)
 *(.fini2)
 *(.fini1)
 *(.fini1)
 *(.fini0)
 .fini0         0x00000700        0x4 c:/winavr-20100110/bin/../lib/gcc/avr/4.3.3/avr5\libgcc.a(_exit.o)
 *(.fini0)
                0x00000704                _etext = .

.data           0x00800100        0x0 load address 0x00000704
                0x00800100                PROVIDE (__data_start, .)
 *(.data)
 .data          0x00800100        0x0 c:/winavr-20100110/bin/../lib/gcc/avr/4.3.3/../../../../avr/lib/avr5/crtm169.o
 .data          0x00800100        0x0 QTISensor.o
 .data          0x00800100        0x0 timer.o
 .data          0x00800100        0x0 IRSensor.o
 .data          0x00800100        0x0 servos.o
 .data          0x00800100        0x0 sumobot.o
 .data          0x00800100        0x0 LED.o
 .data          0x00800100        0x0 pilot.o
 .data          0x00800100        0x0 c:/winavr-20100110/bin/../lib/gcc/avr/4.3.3/avr5\libgcc.a(_divmodhi4.o)
 .data          0x00800100        0x0 c:/winavr-20100110/bin/../lib/gcc/avr/4.3.3/avr5\libgcc.a(_exit.o)
 .data          0x00800100        0x0 c:/winavr-20100110/bin/../lib/gcc/avr/4.3.3/avr5\libgcc.a(_clear_bss.o)
 .data          0x00800100        0x0 c:/winavr-20100110/bin/../lib/gcc/avr/4.3.3/avr5\libgcc.a(_udivmodhi4.o)
 *(.data*)
 *(.rodata)
 *(.rodata*)
 *(.gnu.linkonce.d*)
                0x00800100                . = ALIGN (0x2)
                0x00800100                _edata = .
                0x00800100                PROVIDE (__data_end, .)

.bss            0x00800100        0x6
                0x00800100                PROVIDE (__bss_start, .)
 *(.bss)
 .bss           0x00800100        0x0 c:/winavr-20100110/bin/../lib/gcc/avr/4.3.3/../../../../avr/lib/avr5/crtm169.o
 .bss           0x00800100        0x2 QTISensor.o
 .bss           0x00800102        0x4 timer.o
                0x00800102                ms
 .bss           0x00800106        0x0 IRSensor.o
 .bss           0x00800106        0x0 servos.o
 .bss           0x00800106        0x0 sumobot.o
 .bss           0x00800106        0x0 LED.o
 .bss           0x00800106        0x0 pilot.o
 .bss           0x00800106        0x0 c:/winavr-20100110/bin/../lib/gcc/avr/4.3.3/avr5\libgcc.a(_divmodhi4.o)
 .bss           0x00800106        0x0 c:/winavr-20100110/bin/../lib/gcc/avr/4.3.3/avr5\libgcc.a(_exit.o)
 .bss           0x00800106        0x0 c:/winavr-20100110/bin/../lib/gcc/avr/4.3.3/avr5\libgcc.a(_clear_bss.o)
 .bss           0x00800106        0x0 c:/winavr-20100110/bin/../lib/gcc/avr/4.3.3/avr5\libgcc.a(_udivmodhi4.o)
 *(.bss*)
 *(COMMON)
                0x00800106                PROVIDE (__bss_end, .)
                0x00000704                __data_load_start = LOADADDR (.data)
                0x00000704                __data_load_end = (__data_load_start + SIZEOF (.data))

.noinit         0x00800106        0x0
                0x00800106                PROVIDE (__noinit_start, .)
 *(.noinit*)
                0x00800106                PROVIDE (__noinit_end, .)
                0x00800106                _end = .
                0x00800106                PROVIDE (__heap_start, .)

.eeprom         0x00810000        0x0
 *(.eeprom*)
                0x00810000                __eeprom_end = .

.fuse
 *(.fuse)
 *(.lfuse)
 *(.hfuse)
 *(.efuse)

.lock
 *(.lock*)

.signature
 *(.signature*)

.stab
 *(.stab)

.stabstr
 *(.stabstr)

.stab.excl
 *(.stab.excl)

.stab.exclstr
 *(.stab.exclstr)

.stab.index
 *(.stab.index)

.stab.indexstr
 *(.stab.indexstr)

.comment
 *(.comment)

.debug
 *(.debug)

.line
 *(.line)

.debug_srcinfo
 *(.debug_srcinfo)

.debug_sfnames
 *(.debug_sfnames)

.debug_aranges  0x00000000       0xe0
 *(.debug_aranges)
 .debug_aranges
                0x00000000       0x20 QTISensor.o
 .debug_aranges
                0x00000020       0x20 timer.o
 .debug_aranges
                0x00000040       0x20 IRSensor.o
 .debug_aranges
                0x00000060       0x20 servos.o
 .debug_aranges
                0x00000080       0x20 sumobot.o
 .debug_aranges
                0x000000a0       0x20 LED.o
 .debug_aranges
                0x000000c0       0x20 pilot.o

.debug_pubnames
                0x00000000      0x2a5
 *(.debug_pubnames)
 .debug_pubnames
                0x00000000       0x66 QTISensor.o
 .debug_pubnames
                0x00000066       0x5d timer.o
 .debug_pubnames
                0x000000c3       0x6b IRSensor.o
 .debug_pubnames
                0x0000012e       0x41 servos.o
 .debug_pubnames
                0x0000016f       0x31 sumobot.o
 .debug_pubnames
                0x000001a0       0x70 LED.o
 .debug_pubnames
                0x00000210       0x95 pilot.o

.debug_info     0x00000000      0x909
 *(.debug_info)
 .debug_info    0x00000000      0x17a QTISensor.o
 .debug_info    0x0000017a      0x18d timer.o
 .debug_info    0x00000307      0x172 IRSensor.o
 .debug_info    0x00000479       0xe5 servos.o
 .debug_info    0x0000055e      0x11b sumobot.o
 .debug_info    0x00000679       0xe3 LED.o
 .debug_info    0x0000075c      0x1ad pilot.o
 *(.gnu.linkonce.wi.*)

.debug_abbrev   0x00000000      0x453
 *(.debug_abbrev)
 .debug_abbrev  0x00000000       0xb2 QTISensor.o
 .debug_abbrev  0x000000b2      0x127 timer.o
 .debug_abbrev  0x000001d9       0xbb IRSensor.o
 .debug_abbrev  0x00000294       0x72 servos.o
 .debug_abbrev  0x00000306       0x98 sumobot.o
 .debug_abbrev  0x0000039e       0x3d LED.o
 .debug_abbrev  0x000003db       0x78 pilot.o

.debug_line     0x00000000      0x9f4
 *(.debug_line)
 .debug_line    0x00000000      0x16d QTISensor.o
 .debug_line    0x0000016d      0x1b0 timer.o
 .debug_line    0x0000031d      0x187 IRSensor.o
 .debug_line    0x000004a4      0x117 servos.o
 .debug_line    0x000005bb      0x1d1 sumobot.o
 .debug_line    0x0000078c      0x10a LED.o
 .debug_line    0x00000896      0x15e pilot.o

.debug_frame    0x00000000      0x2d0
 *(.debug_frame)
 .debug_frame   0x00000000       0x60 QTISensor.o
 .debug_frame   0x00000060       0x60 timer.o
 .debug_frame   0x000000c0       0x70 IRSensor.o
 .debug_frame   0x00000130       0x40 servos.o
 .debug_frame   0x00000170       0x40 sumobot.o
 .debug_frame   0x000001b0       0x80 LED.o
 .debug_frame   0x00000230       0xa0 pilot.o

.debug_str      0x00000000      0x321
 *(.debug_str)
 .debug_str     0x00000000      0x112 QTISensor.o
                                0x146 (size before relaxing)
 .debug_str     0x00000112       0x58 timer.o
                                0x10b (size before relaxing)
 .debug_str     0x0000016a       0x54 IRSensor.o
                                0x107 (size before relaxing)
 .debug_str     0x000001be       0x4f servos.o
                                0x102 (size before relaxing)
 .debug_str     0x0000020d       0x5e sumobot.o
                                0x111 (size before relaxing)
 .debug_str     0x0000026b       0x4b LED.o
                                 0xfe (size before relaxing)
 .debug_str     0x000002b6       0x6b pilot.o
                                0x123 (size before relaxing)

.debug_loc      0x00000000      0x258
 *(.debug_loc)
 .debug_loc     0x00000000       0x50 QTISensor.o
 .debug_loc     0x00000050       0x28 timer.o
 .debug_loc     0x00000078       0x60 IRSensor.o
 .debug_loc     0x000000d8       0x40 servos.o
 .debug_loc     0x00000118       0x50 sumobot.o
 .debug_loc     0x00000168       0xf0 pilot.o

.debug_macinfo
 *(.debug_macinfo)
OUTPUT(sumobot.elf elf32-avr)
LOAD linker stubs
